// Jest Snapshot v1, https://goo.gl/fbAQLP

exports[`manager/npm/extract .extractDependencies() uses lerna package settings 1`] = `
Array [
  Object {
    "lernaDir": ".",
    "lernaPackages": Array [
      "packages/*",
    ],
    "packageFile": "package.json",
  },
  Object {
    "lernaClient": undefined,
    "lernaDir": ".",
    "internalPackages": Array [
      "@org/b",
    ],
    "npmLock": undefined,
    "packageFile": "packages/a/package.json",
    "packageJsonName": "@org/a",
    "yarnLock": undefined,
  },
  Object {
    "lernaClient": undefined,
    "lernaDir": ".",
    "internalPackages": Array [
      "@org/a",
    ],
    "npmLock": undefined,
    "packageFile": "packages/b/package.json",
    "packageJsonName": "@org/b",
    "yarnLock": undefined,
  },
]
`;

exports[`manager/npm/extract .extractDependencies() uses yarn workspaces package settings 1`] = `
Array [
  Object {
    "lernaClient": "yarn",
    "lernaDir": ".",
    "lernaPackages": Array [
      "oldpackages/*",
    ],
    "packageFile": "package.json",
    "yarnWorkspacesPackages": Array [
      "packages/*",
    ],
  },
  Object {
    "lernaClient": "yarn",
    "lernaDir": ".",
    "internalPackages": Array [
      "@org/b",
    ],
    "npmLock": undefined,
    "packageFile": "packages/a/package.json",
    "packageJsonName": "@org/a",
    "yarnLock": undefined,
  },
  Object {
    "lernaClient": "yarn",
    "lernaDir": ".",
    "internalPackages": Array [
      "@org/a",
    ],
    "npmLock": undefined,
    "packageFile": "packages/b/package.json",
    "packageJsonName": "@org/b",
    "yarnLock": undefined,
  },
]
`;
